// Jest Snapshot v1, https://goo.gl/fbAQLP

exports[`LocationBox 1`] = `
<ForwardRef(Box)
  sx={
    Object {
      "& > :not(style)": Object {
        "height": "auto",
        "m": 1,
        "width": "90%",
      },
      "display": "flex",
      "flexWrap": "wrap",
      "paddingLeft": "8%",
      "paddingTop": 4,
    }
  }
>
  <ForwardRef(Paper)
    elevation={10}
    style={
      Object {
        "borderRadius": 20,
        "padding": 15,
        "position": "relative",
      }
    }
  >
    <div
      className="MapInfo"
      style={
        Object {
          "position": "absolute",
          "right": "2%",
        }
      }
    >
      <iframe
        height="300vh"
        loading="lazy"
        src="https://www.google.com/maps/embed?pb=!1m18!1m12!1m3!1d125447.76715284208!2d103.17826973046051!3d10.71575265304132!2m3!1f0!2f0!3f0!3m2!1i1024!2i768!4f13.1!3m3!1m2!1s0x3107c1eb6f5622a1%3A0x836af75a469a1d58!2sKoh%20Rong!5e0!3m2!1sen!2skh!4v1636705705281!5m2!1sen!2skh"
        width="240vh"
      />
    </div>
    <div
      className="TextInfoLocation"
    >
      <h3>
        Location
      </h3>
      <p>
        <b>
          Address: 
        </b>
        Koh Ouen Private, Koh Rong Archipelago, Near Sihanouville
      </p>
    </div>
    <div
      className="TextInfoContact"
    >
      <h3>
        Contact
      </h3>
      <p>
        <b>
          Email: 
        </b>
         example@gmail.com
      </p>
      <p>
        <b>
          Phone: 
        </b>
         017 900 906 (Cellcard) (Telegram), 069 900 900
      </p>
      <p>
        <b>
          FaceBook Page: 
        </b>
         Koh Rong - កោះរុង
      </p>
      <p>
        <b>
          Place App: 
        </b>
        Koh Rong - កោះរុង
      </p>
    </div>
  </ForwardRef(Paper)>
</ForwardRef(Box)>
`;
